⚠ Warning: Next.js inferred your workspace root, but it may not be correct.
 We detected multiple lockfiles and selected the directory of /data/data/com.termux/files/home/package-lock.json as the root directory.
 To silence this warning, set `outputFileTracingRoot` in your Next.js config, or consider removing one of the lockfiles if it's not needed.
   See https://nextjs.org/docs/app/api-reference/config/next-config-js/output#caveats for more information.
 Detected additional lockfiles: 
   * /data/data/com.termux/files/home/sch-website/package-lock.json

  Skipping creating a lockfile at /data/data/com.termux/files/home/sch-website/.next/lock because we're using WASM bindings
▲ Next.js 16.2.9 (webpack)
- Environments: .env.local

  Creating an optimized production build ...
Found 1 warning while optimizing generated CSS:

[2m│   }[22m
[2m│ }[22m
[2m│[22m @import url('https://fonts.googleapis.com/css2?family=Orbitron:wght@400;700;900&family=Space+Mono:ital,wght@0,400;0,700;1,400&display=swap');
[2m┆[22m        [33m[2m^--[22m @import rules must precede all rules aside from @charset and @layer statements[39m
[2m┆[22m
[2m│ :root {[22m
[2m│   --background: #0a0a0a;[22m

✓ Compiled successfully in 30.1s
  Running TypeScript ...
  Finished TypeScript in 32.9s ...
  Collecting page data using 1 worker ...
  Generating static pages using 1 worker (0/7) ...
  Generating static pages using 1 worker (1/7) 
  Generating static pages using 1 worker (3/7) 
  Generating static pages using 1 worker (5/7) 
✓ Generating static pages using 1 worker (7/7) in 4.8s
  Finalizing page optimization ...
  Collecting build traces ...

Route (app)
┌ ○ /
├ ○ /_not-found
├ ƒ /api/ecosystem-counts
├ ○ /portfolio
├ ƒ /portfolio/[category]
└ ○ /portfolio/demo-generator


○  (Static)   prerendered as static content
ƒ  (Dynamic)  server-rendered on demand

